src/hooks/useBaseModels.ts(21,50): error TS2769: No overload matches this call.
  Overload 1 of 3, '(firestore: Firestore, path: string, ...pathSegments: string[]): CollectionReference<DocumentData, DocumentData>', gave the following error.
    Argument of type 'null' is not assignable to parameter of type 'Firestore'.
  Overload 2 of 3, '(reference: CollectionReference<unknown, DocumentData>, path: string, ...pathSegments: string[]): CollectionReference<DocumentData, DocumentData>', gave the following error.
    Argument of type 'null' is not assignable to parameter of type 'CollectionReference<unknown, DocumentData>'.
  Overload 3 of 3, '(reference: DocumentReference<unknown, DocumentData>, path: string, ...pathSegments: string[]): CollectionReference<DocumentData, DocumentData>', gave the following error.
    Argument of type 'null' is not assignable to parameter of type 'DocumentReference<unknown, DocumentData>'.
src/hooks/useTier.ts(32,28): error TS2339: Property 'currentUser' does not exist on type 'never'.
src/screens/DemoCarViewerScreen.tsx(38,13): error TS2552: Cannot find name 'Alert'. Did you mean 'alert'?
src/screens/DemoCarViewerScreen.tsx(42,9): error TS2552: Cannot find name 'Alert'. Did you mean 'alert'?
src/screens/DemoCarViewerScreen.tsx(45,20): error TS7006: Parameter 'name' implicitly has an 'any' type.
src/screens/DemoCarViewerScreen.tsx(49,21): error TS2552: Cannot find name 'Alert'. Did you mean 'alert'?
src/screens/DemoCarViewerScreen.tsx(51,21): error TS2552: Cannot find name 'Alert'. Did you mean 'alert'?
src/screens/PhotoUploadChecklistScreen.tsx(51,42): error TS2339: Property 'launchImagePickerAsync' does not exist on type 'typeof import("/Users/temiagunloye/Desktop/carguy-app/node_modules/expo-image-picker/build/ImagePicker")'.
src/screens/RenderProcessingScreen.tsx(37,17): error TS2769: No overload matches this call.
  Overload 1 of 3, '(firestore: Firestore, path: string, ...pathSegments: string[]): DocumentReference<DocumentData, DocumentData>', gave the following error.
    Argument of type 'null' is not assignable to parameter of type 'Firestore'.
  Overload 2 of 3, '(reference: CollectionReference<unknown, DocumentData>, path?: string | undefined, ...pathSegments: string[]): DocumentReference<unknown, DocumentData>', gave the following error.
    Argument of type 'null' is not assignable to parameter of type 'CollectionReference<unknown, DocumentData>'.
  Overload 3 of 3, '(reference: DocumentReference<unknown, DocumentData>, path: string, ...pathSegments: string[]): DocumentReference<DocumentData, DocumentData>', gave the following error.
    Argument of type 'null' is not assignable to parameter of type 'DocumentReference<unknown, DocumentData>'.
src/services/auth.ts(70,18): error TS2339: Property 'currentUser' does not exist on type 'never'.
src/services/cars.ts(23,24): error TS2769: No overload matches this call.
  Overload 1 of 3, '(firestore: Firestore, path: string, ...pathSegments: string[]): DocumentReference<DocumentData, DocumentData>', gave the following error.
    Argument of type 'null' is not assignable to parameter of type 'Firestore'.
  Overload 2 of 3, '(reference: CollectionReference<unknown, DocumentData>, path?: string | undefined, ...pathSegments: string[]): DocumentReference<unknown, DocumentData>', gave the following error.
    Argument of type 'null' is not assignable to parameter of type 'CollectionReference<unknown, DocumentData>'.
  Overload 3 of 3, '(reference: DocumentReference<unknown, DocumentData>, path: string, ...pathSegments: string[]): DocumentReference<DocumentData, DocumentData>', gave the following error.
    Argument of type 'null' is not assignable to parameter of type 'DocumentReference<unknown, DocumentData>'.
src/services/cars.ts(65,24): error TS2769: No overload matches this call.
  Overload 1 of 3, '(firestore: Firestore, path: string, ...pathSegments: string[]): DocumentReference<DocumentData, DocumentData>', gave the following error.
    Argument of type 'null' is not assignable to parameter of type 'Firestore'.
  Overload 2 of 3, '(reference: CollectionReference<unknown, DocumentData>, path?: string | undefined, ...pathSegments: string[]): DocumentReference<unknown, DocumentData>', gave the following error.
    Argument of type 'null' is not assignable to parameter of type 'CollectionReference<unknown, DocumentData>'.
  Overload 3 of 3, '(reference: DocumentReference<unknown, DocumentData>, path: string, ...pathSegments: string[]): DocumentReference<DocumentData, DocumentData>', gave the following error.
    Argument of type 'null' is not assignable to parameter of type 'DocumentReference<unknown, DocumentData>'.
src/services/vehicles.ts(42,24): error TS2339: Property 'currentUser' does not exist on type 'never'.
src/services/vehicles.ts(85,24): error TS2339: Property 'currentUser' does not exist on type 'never'.
src/utils/tierGating.ts(23,48): error TS2554: Expected 0 arguments, but got 1.
src/utils/tierGating.ts(24,56): error TS2339: Property 'type' does not exist on type 'Vehicle'.
thatappcompany-site/src/app/api/leads/route.ts(1,34): error TS2307: Cannot find module '@/lib/config' or its corresponding type declarations.
thatappcompany-site/src/app/api/leads/route.ts(2,28): error TS2307: Cannot find module '@/lib/firebase/admin' or its corresponding type declarations.
thatappcompany-site/src/app/api/leads/route.ts(33,41): error TS7006: Parameter 'doc' implicitly has an 'any' type.
thatappcompany-site/src/app/api/stats/route.ts(1,28): error TS2307: Cannot find module '@/lib/firebase/admin' or its corresponding type declarations.
thatappcompany-site/src/app/api/stats/route.ts(4,34): error TS2307: Cannot find module '@/lib/config' or its corresponding type declarations.
thatappcompany-site/src/app/api/stats/route.ts(53,26): error TS7006: Parameter 'doc' implicitly has an 'any' type.
thatappcompany-site/src/app/api/stats/route.ts(106,52): error TS7006: Parameter 'd' implicitly has an 'any' type.
thatappcompany-site/src/app/api/subscribe/route.ts(1,28): error TS2307: Cannot find module '@/lib/firebase/admin' or its corresponding type declarations.
thatappcompany-site/src/app/api/subscribe/route.ts(2,33): error TS2307: Cannot find module '@/lib/validators' or its corresponding type declarations.
thatappcompany-site/src/app/api/track/route.ts(1,28): error TS2307: Cannot find module '@/lib/firebase/admin' or its corresponding type declarations.
thatappcompany-site/src/app/api/update_lead/route.ts(1,28): error TS2307: Cannot find module '@/lib/firebase/admin' or its corresponding type declarations.
thatappcompany-site/src/app/api/update_lead/route.ts(33,31): error TS7006: Parameter 'doc' implicitly has an 'any' type.
thatappcompany-site/src/app/apps/garage-manager/page.tsx(1,22): error TS2307: Cannot find module '@/lib/apps' or its corresponding type declarations.
thatappcompany-site/src/app/apps/garage-manager/updates/page.tsx(1,25): error TS2307: Cannot find module '@/lib/updates' or its corresponding type declarations.
thatappcompany-site/src/app/apps/garage-manager/updates/page.tsx(4,34): error TS7006: Parameter 'u' implicitly has an 'any' type.
thatappcompany-site/src/app/apps/garage-manager/updates/page.tsx(19,36): error TS7006: Parameter 'u' implicitly has an 'any' type.
thatappcompany-site/src/app/apps/garage-manager/updates/page.tsx(27,50): error TS7006: Parameter 't' implicitly has an 'any' type.
thatappcompany-site/src/app/dashboard/page.tsx(3,26): error TS2307: Cannot find module '@/components/AdminNav' or its corresponding type declarations.
thatappcompany-site/src/app/page.tsx(3,36): error TS2307: Cannot find module '@/lib/apps' or its corresponding type declarations.
thatappcompany-site/src/app/page.tsx(4,25): error TS2307: Cannot find module '@/lib/updates' or its corresponding type declarations.
thatappcompany-site/src/app/page.tsx(289,34): error TS7006: Parameter 't' implicitly has an 'any' type.
thatappcompany-site/src/app/page.tsx(315,33): error TS7006: Parameter 'u' implicitly has an 'any' type.
