/Users/temiagunloye/Desktop/carguy-app/scripts/blender/render_base_models.py:109: DeprecationWarning: 'World.use_nodes' is expected to be removed in Blender 6.0
  world.use_nodes = True
/Users/temiagunloye/Desktop/carguy-app/scripts/blender/render_base_models.py:156: DeprecationWarning: 'Material.use_nodes' is expected to be removed in Blender 6.0
  mat.use_nodes = True
================================================================================
BLENDER GOLD STANDARD STUDIO RIG
================================================================================
GLB: source_models/base_glb/bmw_m3.glb
Build ID: m3_calibration_v5
Color: alpine_white
Output: base_model_renders/m3_calibration_v5
================================================================================

[1/5] Setting up studio rig...
✓ World background gradient created (dark studio)
✓ Studio floor created (subtle reflection)
✓ Studio lighting rig created (3 lights)
✓ Camera created (lens: 85mm)

[2/5] Importing car model...
Importing GLB: source_models/base_glb/bmw_m3.glb
13:55:29 | INFO: Data are loaded, start creating Blender stuff
13:55:29 | INFO: Blender create Mesh node Object_0
13:55:29 | INFO: Blender create Mesh node Object_1
13:55:29 | INFO: Blender create Mesh node Object_2
13:55:29 | INFO: Blender create Mesh node Object_3
13:55:29 | INFO: Blender create Mesh node Object_4
13:55:29 | INFO: Blender create Mesh node Object_5
13:55:29 | INFO: Blender create Mesh node Object_6
13:55:29 | INFO: Blender create Mesh node Object_7
13:55:29 | INFO: Blender create Mesh node Object_8
13:55:29 | INFO: Blender create Mesh node Object_9
13:55:29 | INFO: Blender create Mesh node Object_10
13:55:29 | INFO: Blender create Mesh node Object_11
13:55:29 | INFO: Blender create Mesh node Object_12
13:55:29 | INFO: Blender create Mesh node Object_13
13:55:29 | INFO: Blender create Mesh node Object_14
13:55:29 | INFO: Blender create Mesh node Object_15
13:55:29 | INFO: Blender create Mesh node Object_16
13:55:29 | INFO: glTF import finished in 0.05s
/Users/temiagunloye/Desktop/carguy-app/scripts/blender/render_base_models.py:321: DeprecationWarning: 'Material.use_nodes' is expected to be removed in Blender 6.0
  paint_mat.use_nodes = True
00:02.891  render           | Saved: 'base_model_renders/m3_calibration_v5/angle_01.png'
00:03.874  render           | Saved: 'base_model_renders/m3_calibration_v5/angle_04.png'
00:05.044  render           | Saved: 'base_model_renders/m3_calibration_v5/angle_07.png'
✓ Imported 19 objects

[3/5] Centering car...
✓ Car centered (dims: 4.61 x 1.99 x 2.01)

[4/5] Applying paint override...
⚠ No paint materials found by keyword, applying to ALL materials
✓ Paint override applied: alpine_white (17 materials replaced)

[5/5] Rendering all angles...
⚠ Calibration mode: rendering only 3 angles

Rendering angle_01: Front 3/4 driver
✓ Saved: base_model_renders/m3_calibration_v5/angle_01.png

Rendering angle_04: Side passenger
✓ Saved: base_model_renders/m3_calibration_v5/angle_04.png

Rendering angle_07: Rear 3/4 driver
✓ Saved: base_model_renders/m3_calibration_v5/angle_07.png

✓ Manifest saved: base_model_renders/m3_calibration_v5/manifest.json
✓ All 3 angles rendered successfully

================================================================================
RENDER COMPLETE ✓
================================================================================
Blender 5.0.1 (hash a3db93c5b259 built 2025-12-16 01:51:40)

Blender quit
