/Users/temiagunloye/Desktop/carguy-app/scripts/blender/render_base_models.py:116: DeprecationWarning: 'World.use_nodes' is expected to be removed in Blender 6.0
  world.use_nodes = True
/Users/temiagunloye/Desktop/carguy-app/scripts/blender/render_base_models.py:135: DeprecationWarning: 'Material.use_nodes' is expected to be removed in Blender 6.0
  mat.use_nodes = True
/Users/temiagunloye/Desktop/carguy-app/scripts/blender/render_base_models.py:173: DeprecationWarning: 'Material.use_nodes' is expected to be removed in Blender 6.0
  mat.use_nodes = True
================================================================================
BLENDER GOLD STANDARD STUDIO RIG
================================================================================
GLB: source_models/base_glb/bmw_m3.glb
Build ID: m3_calibration_vREALISM_v3
Color: alpine_white
Output: base_model_renders/m3_calibration_vREALISM_v3
================================================================================

[1/5] Setting up studio rig...
✓ Studio backdrop gradient created
✓ Studio floor created (subtle reflection)
✓ Premium 3-point softbox rig created (3 lights)
✓ Camera created (85mm)

[2/5] Importing car model...
Importing GLB: source_models/base_glb/bmw_m3.glb
14:11:42 | INFO: Data are loaded, start creating Blender stuff
14:11:42 | INFO: Blender create Mesh node Object_0
14:11:42 | INFO: Blender create Mesh node Object_1
14:11:42 | INFO: Blender create Mesh node Object_2
14:11:42 | INFO: Blender create Mesh node Object_3
14:11:42 | INFO: Blender create Mesh node Object_4
14:11:42 | INFO: Blender create Mesh node Object_5
14:11:42 | INFO: Blender create Mesh node Object_6
14:11:42 | INFO: Blender create Mesh node Object_7
14:11:42 | INFO: Blender create Mesh node Object_8
14:11:42 | INFO: Blender create Mesh node Object_9
14:11:42 | INFO: Blender create Mesh node Object_10
14:11:42 | INFO: Blender create Mesh node Object_11
14:11:42 | INFO: Blender create Mesh node Object_12
14:11:42 | INFO: Blender create Mesh node Object_13
14:11:42 | INFO: Blender create Mesh node Object_14
14:11:42 | INFO: Blender create Mesh node Object_15
14:11:42 | INFO: Blender create Mesh node Object_16
14:11:42 | INFO: glTF import finished in 0.05s
/Users/temiagunloye/Desktop/carguy-app/scripts/blender/render_base_models.py:296: DeprecationWarning: 'Material.use_nodes' is expected to be removed in Blender 6.0
  if not mat.use_nodes: continue
/Users/temiagunloye/Desktop/carguy-app/scripts/blender/render_base_models.py:378: DeprecationWarning: 'Material.use_nodes' is expected to be removed in Blender 6.0
  paint_mat.use_nodes = True
00:25.372  render           | Saved: 'base_model_renders/m3_calibration_vREALISM_v3/angle_01.png'
00:48.916  render           | Saved: 'base_model_renders/m3_calibration_vREALISM_v3/angle_04.png'
01:14.685  render           | Saved: 'base_model_renders/m3_calibration_vREALISM_v3/angle_07.png'
✓ Imported 19 objects

Scanning for watermarks...
  → Removing watermark object: p3dm.ru_BMW.obj.cleaner.materialmerger.gles
✓ Watermark cleanup complete (1 objects, 0 materials)

[3/5] Centering and scaling car...
✓ Car centered (dims: 4.61 x 1.99 x 2.01)
  → Scaling by 0.98x to reach 4.5m length

[4/5] Applying surgical paint override...
  → No keyword matches, targeting largest non-skipped surfaces...
✓ Surgical paint applied (3 panels)

[5/5] Rendering all angles...
✓ EEVEE Next Render Configured (128 samples, Raytracing ON)
⚠ Calibration mode: rendering only 3 angles

Rendering angle_01: Front 3/4 driver
✓ Saved: base_model_renders/m3_calibration_vREALISM_v3/angle_01.png

Rendering angle_04: Side passenger
✓ Saved: base_model_renders/m3_calibration_vREALISM_v3/angle_04.png

Rendering angle_07: Rear 3/4 driver
✓ Saved: base_model_renders/m3_calibration_vREALISM_v3/angle_07.png

✓ Manifest saved: base_model_renders/m3_calibration_vREALISM_v3/manifest.json
✓ All 3 angles rendered successfully

================================================================================
RENDER COMPLETE ✓
================================================================================
Blender 5.0.1 (hash a3db93c5b259 built 2025-12-16 01:51:40)

Blender quit
