/Users/temiagunloye/Desktop/carguy-app/scripts/blender/render_base_models.py:116: DeprecationWarning: 'World.use_nodes' is expected to be removed in Blender 6.0
  world.use_nodes = True
/Users/temiagunloye/Desktop/carguy-app/scripts/blender/render_base_models.py:135: DeprecationWarning: 'Material.use_nodes' is expected to be removed in Blender 6.0
  mat.use_nodes = True
/Users/temiagunloye/Desktop/carguy-app/scripts/blender/render_base_models.py:173: DeprecationWarning: 'Material.use_nodes' is expected to be removed in Blender 6.0
  mat.use_nodes = True
================================================================================
BLENDER GOLD STANDARD STUDIO RIG
================================================================================
GLB: source_models/base_glb/bmw_m3.glb
Build ID: m3_calibration_vREALISM_v2
Color: alpine_white
Output: base_model_renders/m3_calibration_vREALISM_v2
================================================================================

[1/5] Setting up studio rig...
✓ Studio backdrop gradient created
✓ Studio floor created (subtle reflection)
✓ Premium 3-point softbox rig created (3 lights)
✓ Camera created (85mm)

[2/5] Importing car model...
Importing GLB: source_models/base_glb/bmw_m3.glb
14:11:27 | INFO: Data are loaded, start creating Blender stuff
14:11:27 | INFO: Blender create Mesh node Object_0
14:11:27 | INFO: Blender create Mesh node Object_1
14:11:27 | INFO: Blender create Mesh node Object_2
14:11:27 | INFO: Blender create Mesh node Object_3
14:11:27 | INFO: Blender create Mesh node Object_4
14:11:27 | INFO: Blender create Mesh node Object_5
14:11:27 | INFO: Blender create Mesh node Object_6
14:11:27 | INFO: Blender create Mesh node Object_7
14:11:27 | INFO: Blender create Mesh node Object_8
14:11:27 | INFO: Blender create Mesh node Object_9
14:11:27 | INFO: Blender create Mesh node Object_10
14:11:27 | INFO: Blender create Mesh node Object_11
14:11:27 | INFO: Blender create Mesh node Object_12
14:11:27 | INFO: Blender create Mesh node Object_13
14:11:27 | INFO: Blender create Mesh node Object_14
14:11:27 | INFO: Blender create Mesh node Object_15
14:11:27 | INFO: Blender create Mesh node Object_16
14:11:27 | INFO: glTF import finished in 0.05s
/Users/temiagunloye/Desktop/carguy-app/scripts/blender/render_base_models.py:296: DeprecationWarning: 'Material.use_nodes' is expected to be removed in Blender 6.0
  if not mat.use_nodes: continue
Blender 5.0.1 (hash a3db93c5b259 built 2025-12-16 01:51:40)
Traceback (most recent call last):
  File "/Users/temiagunloye/Desktop/carguy-app/scripts/blender/render_base_models.py", line 631, in <module>
    main()
  File "/Users/temiagunloye/Desktop/carguy-app/scripts/blender/render_base_models.py", line 604, in main
    car_root, dimensions = center_and_scale_car(car_objects)
                           ^^^^^^^^^^^^^^^^^^^^^^^^^^^^^^^^^
  File "/Users/temiagunloye/Desktop/carguy-app/scripts/blender/render_base_models.py", line 333, in center_and_scale_car
    meshes = [obj for obj in car_objects if obj.type == 'MESH']
             ^^^^^^^^^^^^^^^^^^^^^^^^^^^^^^^^^^^^^^^^^^^^^^^^^^
  File "/Users/temiagunloye/Desktop/carguy-app/scripts/blender/render_base_models.py", line 333, in <listcomp>
    meshes = [obj for obj in car_objects if obj.type == 'MESH']
                                            ^^^^^^^^
ReferenceError: StructRNA of type Object has been removed
✓ Imported 19 objects

Scanning for watermarks...
  → Removing watermark object: p3dm.ru_BMW.obj.cleaner.materialmerger.gles
✓ Watermark cleanup complete (1 objects, 0 materials)

[3/5] Centering and scaling car...

Blender quit
