/Users/temiagunloye/Desktop/carguy-app/scripts/blender/render_base_models.py:110: DeprecationWarning: 'World.use_nodes' is expected to be removed in Blender 6.0
  world.use_nodes = True
/Users/temiagunloye/Desktop/carguy-app/scripts/blender/render_base_models.py:157: DeprecationWarning: 'Material.use_nodes' is expected to be removed in Blender 6.0
  mat.use_nodes = True
================================================================================
BLENDER GOLD STANDARD STUDIO RIG
================================================================================
GLB: source_models/base_glb/bmw_m3.glb
Build ID: m3_eevee_calibration
Color: alpine_white
Output: base_model_renders/m3_eevee_calibration
================================================================================

[1/5] Setting up studio rig...
✓ World background gradient created (dark studio)
✓ Studio floor created (subtle reflection)
✓ Studio lighting rig created (3 lights + Reflection Probe)
✓ Camera created (lens: 85mm)

[2/5] Importing car model...
Importing GLB: source_models/base_glb/bmw_m3.glb
14:00:13 | INFO: Data are loaded, start creating Blender stuff
14:00:13 | INFO: Blender create Mesh node Object_0
14:00:13 | INFO: Blender create Mesh node Object_1
14:00:13 | INFO: Blender create Mesh node Object_2
14:00:13 | INFO: Blender create Mesh node Object_3
14:00:13 | INFO: Blender create Mesh node Object_4
14:00:13 | INFO: Blender create Mesh node Object_5
14:00:13 | INFO: Blender create Mesh node Object_6
14:00:13 | INFO: Blender create Mesh node Object_7
14:00:13 | INFO: Blender create Mesh node Object_8
14:00:13 | INFO: Blender create Mesh node Object_9
14:00:13 | INFO: Blender create Mesh node Object_10
14:00:13 | INFO: Blender create Mesh node Object_11
14:00:13 | INFO: Blender create Mesh node Object_12
14:00:13 | INFO: Blender create Mesh node Object_13
14:00:13 | INFO: Blender create Mesh node Object_14
14:00:13 | INFO: Blender create Mesh node Object_15
14:00:13 | INFO: Blender create Mesh node Object_16
14:00:13 | INFO: glTF import finished in 0.07s
/Users/temiagunloye/Desktop/carguy-app/scripts/blender/render_base_models.py:329: DeprecationWarning: 'Material.use_nodes' is expected to be removed in Blender 6.0
  paint_mat.use_nodes = True
00:19.098  render           | Saved: 'base_model_renders/m3_eevee_calibration/angle_01.png'
00:25.548  render           | Saved: 'base_model_renders/m3_eevee_calibration/angle_04.png'
00:32.578  render           | Saved: 'base_model_renders/m3_eevee_calibration/angle_07.png'
✓ Imported 19 objects

[3/5] Centering car...
✓ Car centered (dims: 4.61 x 1.99 x 2.01)

[4/5] Applying paint override...
⚠ No paint materials found by keyword, applying to ALL materials
✓ Paint override applied: alpine_white (17 materials replaced)

[5/5] Rendering all angles...
⚠ Calibration mode: rendering only 3 angles

Rendering angle_01: Front 3/4 driver
✓ Saved: base_model_renders/m3_eevee_calibration/angle_01.png

Rendering angle_04: Side passenger
✓ Saved: base_model_renders/m3_eevee_calibration/angle_04.png

Rendering angle_07: Rear 3/4 driver
✓ Saved: base_model_renders/m3_eevee_calibration/angle_07.png

✓ Manifest saved: base_model_renders/m3_eevee_calibration/manifest.json
✓ All 3 angles rendered successfully

================================================================================
RENDER COMPLETE ✓
================================================================================
Blender 5.0.1 (hash a3db93c5b259 built 2025-12-16 01:51:40)

Blender quit
