/Users/temiagunloye/Desktop/carguy-app/scripts/blender/render_base_models.py:120: DeprecationWarning: 'World.use_nodes' is expected to be removed in Blender 6.0
  world.use_nodes = True
/Users/temiagunloye/Desktop/carguy-app/scripts/blender/render_base_models.py:139: DeprecationWarning: 'Material.use_nodes' is expected to be removed in Blender 6.0
  mat.use_nodes = True
/Users/temiagunloye/Desktop/carguy-app/scripts/blender/render_base_models.py:177: DeprecationWarning: 'Material.use_nodes' is expected to be removed in Blender 6.0
  mat.use_nodes = True

[1/5] Setting up studio rig...
✓ Studio backdrop gradient created
✓ Studio floor created (subtle reflection)
✓ Premium 3-point softbox rig created (3 lights)
✓ Camera rig created (85mm, Auto-track)

[2/5] Importing car model...
14:19:48 | INFO: Data are loaded, start creating Blender stuff
14:19:48 | INFO: Blender create Mesh node Object_0
14:19:48 | INFO: Blender create Mesh node Object_1
14:19:48 | INFO: Blender create Mesh node Object_2
14:19:48 | INFO: Blender create Mesh node Object_3
14:19:48 | INFO: Blender create Mesh node Object_4
14:19:48 | INFO: Blender create Mesh node Object_5
14:19:48 | INFO: Blender create Mesh node Object_6
14:19:48 | INFO: Blender create Mesh node Object_7
14:19:48 | INFO: Blender create Mesh node Object_8
14:19:48 | INFO: Blender create Mesh node Object_9
14:19:48 | INFO: Blender create Mesh node Object_10
14:19:48 | INFO: Blender create Mesh node Object_11
14:19:48 | INFO: Blender create Mesh node Object_12
14:19:48 | INFO: Blender create Mesh node Object_13
14:19:48 | INFO: Blender create Mesh node Object_14
14:19:48 | INFO: Blender create Mesh node Object_15
14:19:48 | INFO: Blender create Mesh node Object_16
14:19:48 | INFO: glTF import finished in 0.05s
/Users/temiagunloye/Desktop/carguy-app/scripts/blender/render_base_models.py:377: DeprecationWarning: 'Material.use_nodes' is expected to be removed in Blender 6.0
  paint_mat.use_nodes = True
00:26.277  render           | Saved: 'base_model_renders/m3_2023_stock_alpine_white/angle_01.png'
00:48.238  render           | Saved: 'base_model_renders/m3_2023_stock_alpine_white/angle_02.png'
01:10.160  render           | Saved: 'base_model_renders/m3_2023_stock_alpine_white/angle_03.png'
01:27.180  render           | Saved: 'base_model_renders/m3_2023_stock_alpine_white/angle_04.png'
01:44.351  render           | Saved: 'base_model_renders/m3_2023_stock_alpine_white/angle_05.png'
02:01.819  render           | Saved: 'base_model_renders/m3_2023_stock_alpine_white/angle_06.png'
02:18.604  render           | Saved: 'base_model_renders/m3_2023_stock_alpine_white/angle_07.png'
02:35.209  render           | Saved: 'base_model_renders/m3_2023_stock_alpine_white/angle_08.png'
03:00.530  render           | Saved: 'base_model_renders/m3_2023_stock_alpine_white/angle_09.png'
03:30.170  render           | Saved: 'base_model_renders/m3_2023_stock_alpine_white/angle_10.png'

Scanning for watermarks/trash...
  → Deleting bad object: p3dm.ru_BMW.obj.cleaner.materialmerger.gles
✓ Trash cleanup complete (1 items removed)

[3/5] Normalizing car geometry...
  → Scaling car by 0.98x to reach 4.5m length

[4/5] Applying surgical paint override...
  → No keyword matches, calculating top surface area meshes...
✓ Surgical paint applied to 2 slots.

[5/5] Rendering all angles...

Rendering angle_01: Front 3/4 driver
✓ Saved: base_model_renders/m3_2023_stock_alpine_white/angle_01.png

Rendering angle_02: Front direct
✓ Saved: base_model_renders/m3_2023_stock_alpine_white/angle_02.png

Rendering angle_03: Front 3/4 passenger
✓ Saved: base_model_renders/m3_2023_stock_alpine_white/angle_03.png

Rendering angle_04: Side passenger
✓ Saved: base_model_renders/m3_2023_stock_alpine_white/angle_04.png

Rendering angle_05: Rear 3/4 passenger
✓ Saved: base_model_renders/m3_2023_stock_alpine_white/angle_05.png

Rendering angle_06: Rear direct
✓ Saved: base_model_renders/m3_2023_stock_alpine_white/angle_06.png

Rendering angle_07: Rear 3/4 driver
✓ Saved: base_model_renders/m3_2023_stock_alpine_white/angle_07.png

Rendering angle_08: Side driver
✓ Saved: base_model_renders/m3_2023_stock_alpine_white/angle_08.png

Rendering angle_09: High front 3/4
✓ Saved: base_model_renders/m3_2023_stock_alpine_white/angle_09.png

Rendering angle_10: Low rear 3/4
✓ Saved: base_model_renders/m3_2023_stock_alpine_white/angle_10.png

================================================================================
RENDER COMPLETE ✓
================================================================================
Blender 5.0.1 (hash a3db93c5b259 built 2025-12-16 01:51:40)

Blender quit
