/Users/temiagunloye/Desktop/carguy-app/scripts/blender/render_base_models.py:121: DeprecationWarning: 'World.use_nodes' is expected to be removed in Blender 6.0
  world.use_nodes = True
/Users/temiagunloye/Desktop/carguy-app/scripts/blender/render_base_models.py:140: DeprecationWarning: 'Material.use_nodes' is expected to be removed in Blender 6.0
  mat.use_nodes = True
/Users/temiagunloye/Desktop/carguy-app/scripts/blender/render_base_models.py:178: DeprecationWarning: 'Material.use_nodes' is expected to be removed in Blender 6.0
  mat.use_nodes = True

[1/5] Setting up studio rig...
✓ Studio backdrop gradient created
✓ Studio floor created (subtle reflection)
✓ Premium 3-point softbox rig created (3 lights)
✓ Camera rig created (85mm, Auto-track)

[2/5] Importing car model...
19:56:32 | INFO: Data are loaded, start creating Blender stuff
19:56:32 | INFO: Blender create Mesh node Object_0
19:56:32 | INFO: Blender create Mesh node Object_1
19:56:32 | INFO: Blender create Mesh node Object_2
19:56:32 | INFO: Blender create Mesh node Object_3
19:56:32 | INFO: Blender create Mesh node Object_4
19:56:32 | INFO: Blender create Mesh node Object_5
19:56:32 | INFO: Blender create Mesh node Object_6
19:56:32 | INFO: Blender create Mesh node Object_7
19:56:32 | INFO: Blender create Mesh node Object_8
19:56:32 | INFO: Blender create Mesh node Object_9
19:56:32 | INFO: Blender create Mesh node Object_10
19:56:32 | INFO: Blender create Mesh node Object_11
19:56:32 | INFO: Blender create Mesh node Object_12
19:56:32 | INFO: Blender create Mesh node Object_13
19:56:32 | INFO: Blender create Mesh node Object_14
19:56:32 | INFO: Blender create Mesh node Object_15
19:56:32 | INFO: Blender create Mesh node Object_16
19:56:32 | INFO: glTF import finished in 0.03s
00:17.279  render           | Saved: 'base_model_renders/m3_gold_standard_production_final/angle_01.png'
00:33.887  render           | Saved: 'base_model_renders/m3_gold_standard_production_final/angle_02.png'
00:51.730  render           | Saved: 'base_model_renders/m3_gold_standard_production_final/angle_03.png'
01:09.313  render           | Saved: 'base_model_renders/m3_gold_standard_production_final/angle_04.png'
01:28.015  render           | Saved: 'base_model_renders/m3_gold_standard_production_final/angle_05.png'
01:45.549  render           | Saved: 'base_model_renders/m3_gold_standard_production_final/angle_06.png'
02:04.153  render           | Saved: 'base_model_renders/m3_gold_standard_production_final/angle_07.png'
02:22.195  render           | Saved: 'base_model_renders/m3_gold_standard_production_final/angle_08.png'
02:40.201  render           | Saved: 'base_model_renders/m3_gold_standard_production_final/angle_09.png'
02:57.008  render           | Saved: 'base_model_renders/m3_gold_standard_production_final/angle_10.png'

Scanning for watermarks/trash...
  → Deleting bad object: p3dm.ru_BMW.obj.cleaner.materialmerger.gles
✓ Trash cleanup complete (1 items removed)

[3/5] Performing Geometric Normalization...
  → Detected UP direction: z- (Area: 15.19)
  → Geometry Check: Top Spread: 1.74 | Bottom Spread: 0.32
    → TOP is wider than BOTTOM. Model is UPSIDE DOWN. Triggering flip.
  ⚠ MANUAL OVERRIDE: Forcing rotation of 180.0 degrees
  → Normalizing scale (0.98x to 4.5m)
✓ Normalization Complete. Length: 4.50m, Height: 1.96m

[4/5] Skipping surgical paint override (Keeping original materials)...

[5/5] Rendering all angles...
⚠ Calibration mode: rendering only 10 angles

Rendering angle_01: Front 3/4 driver
✓ Saved: base_model_renders/m3_gold_standard_production_final/angle_01.png

Rendering angle_02: Front
✓ Saved: base_model_renders/m3_gold_standard_production_final/angle_02.png

Rendering angle_03: Front 3/4 passenger
✓ Saved: base_model_renders/m3_gold_standard_production_final/angle_03.png

Rendering angle_04: Side passenger
✓ Saved: base_model_renders/m3_gold_standard_production_final/angle_04.png

Rendering angle_05: Rear 3/4 passenger
✓ Saved: base_model_renders/m3_gold_standard_production_final/angle_05.png

Rendering angle_06: Rear
✓ Saved: base_model_renders/m3_gold_standard_production_final/angle_06.png

Rendering angle_07: Rear 3/4 driver
✓ Saved: base_model_renders/m3_gold_standard_production_final/angle_07.png

Rendering angle_08: Side driver
✓ Saved: base_model_renders/m3_gold_standard_production_final/angle_08.png

Rendering angle_09: High front 3/4 driver
✓ Saved: base_model_renders/m3_gold_standard_production_final/angle_09.png

Rendering angle_10: Low rear 3/4 passenger
✓ Saved: base_model_renders/m3_gold_standard_production_final/angle_10.png

================================================================================
RENDER COMPLETE ✓
================================================================================
Blender 5.0.1 (hash a3db93c5b259 built 2025-12-16 01:51:40)

Blender quit
