/Users/temiagunloye/Desktop/carguy-app/scripts/blender/render_base_models.py:121: DeprecationWarning: 'World.use_nodes' is expected to be removed in Blender 6.0
  world.use_nodes = True
/Users/temiagunloye/Desktop/carguy-app/scripts/blender/render_base_models.py:140: DeprecationWarning: 'Material.use_nodes' is expected to be removed in Blender 6.0
  mat.use_nodes = True
/Users/temiagunloye/Desktop/carguy-app/scripts/blender/render_base_models.py:178: DeprecationWarning: 'Material.use_nodes' is expected to be removed in Blender 6.0
  mat.use_nodes = True

[1/5] Setting up studio rig...
✓ Studio backdrop gradient created
✓ Studio floor created (subtle reflection)
✓ Premium 3-point softbox rig created (3 lights)
✓ Camera rig created (85mm, Auto-track)

[2/5] Importing car model...
14:45:30 | INFO: Data are loaded, start creating Blender stuff
14:45:30 | INFO: Blender create Mesh node Object_0
14:45:30 | INFO: Blender create Mesh node Object_1
14:45:30 | INFO: Blender create Mesh node Object_2
14:45:30 | INFO: Blender create Mesh node Object_3
14:45:30 | INFO: Blender create Mesh node Object_4
14:45:30 | INFO: Blender create Mesh node Object_5
14:45:30 | INFO: Blender create Mesh node Object_6
14:45:30 | INFO: Blender create Mesh node Object_7
14:45:30 | INFO: Blender create Mesh node Object_8
14:45:30 | INFO: Blender create Mesh node Object_9
14:45:30 | INFO: Blender create Mesh node Object_10
14:45:30 | INFO: Blender create Mesh node Object_11
14:45:30 | INFO: Blender create Mesh node Object_12
14:45:30 | INFO: Blender create Mesh node Object_13
14:45:30 | INFO: Blender create Mesh node Object_14
14:45:30 | INFO: Blender create Mesh node Object_15
14:45:30 | INFO: Blender create Mesh node Object_16
14:45:30 | INFO: glTF import finished in 0.27s
/Users/temiagunloye/Desktop/carguy-app/scripts/blender/render_base_models.py:419: DeprecationWarning: 'Material.use_nodes' is expected to be removed in Blender 6.0
  paint_mat.use_nodes = True
00:35.068  render           | Saved: 'base_model_renders/m3_production/angle_01.png'
00:58.572  render           | Saved: 'base_model_renders/m3_production/angle_02.png'
01:25.753  render           | Saved: 'base_model_renders/m3_production/angle_03.png'
01:50.618  render           | Saved: 'base_model_renders/m3_production/angle_04.png'
/opt/homebrew/bin/blender: line 2: 68166 Terminated: 15          '/Applications/Blender.app/Contents/MacOS/Blender' "$@"
th)
  File "/Applications/Blender.app/Contents/Resources/5.0/scripts/modules/bpy/ops.py", line 109, in __call__
    main()
  File "/Users/temiagunloye/Desktop/carguy-app/scripts/blender/render_base_models.py", line 643, in main
    bpy.ops.import_scene.gltf(filepath=glb_path)
  File "/Applications/Blender.app/Contents/Resources/5.0/scripts/modules/bpy/ops.py", line 109, in __call__
    ret = _op_call(self.idname_py(), kw)
          ^^^^^^^^^^^^^^^^^^^^^^^^^^^^^^
RuntimeError: Error: Please select a file


[1/5] Setting up studio rig...
✓ Studio backdrop gradient created
✓ Studio floor created (subtle reflection)
✓ Premium 3-point softbox rig created (3 lights)
✓ Camera rig created (85mm, Auto-track)

[2/5] Importing car model...
Error: Please select a file
    ret = _op_call(self.idname_py(), kw)
          ^^^^^^^^^^^^^^^^^^^^^^^^^^^^^^
RuntimeError: Error: Please select a file


[1/5] Setting up studio rig...
✓ Studio backdrop gradient created
✓ Studio floor created (subtle reflection)
✓ Premium 3-point softbox rig created (3 lights)
✓ Camera rig created (85mm, Auto-track)

[2/5] Importing car model...
Error: Please select a file
Blender 5.0.1 (hash a3db93c5b259 built 2025-12-16 01:51:40)
Traceback (most recent call last):
  File "/Users/temiagunloye/Desktop/carguy-app/scripts/blender/render_base_models.py", line 766, in <module>
    main()
  File "/Users/temiagunloye/Desktop/carguy-app/scripts/blender/render_base_models.py", line 643, in main
    bpy.ops.import_scene.gltf(filepath=glb_path)
  File "/Applications/Blender.app/Contents/Resources/5.0/scripts/modules/bpy/ops.py", line 109, in __call__
    ret = _op_call(self.idname_py(), kw)
          ^^^^^^^^^^^^^^^^^^^^^^^^^^^^^^
RuntimeError: Error: Please select a file


[1/5] Setting up studio rig...
✓ Studio backdrop gradient created
✓ Studio floor created (subtle reflection)
✓ Premium 3-point softbox rig created (3 lights)
✓ Camera rig created (85mm, Auto-track)

[2/5] Importing car model...
Error: Please select a file

Blender quit

Blender quit

Blender quit
